// Vitest Snapshot v1, https://vitest.dev/guide/snapshot.html

exports[`sequential 1`] = `
"F1 / S1 / B1
F1 / S1 / B1
F1 / S1 / B1
F1 / S1 / B2
F1 / S1 / B2
F1 / S1 / B2
F1 / S2 / B1
F1 / S2 / B1
F1 / S2 / B1
F1 / B1
F1 / B1
F1 / B1
F2 / S1 / B1
F2 / S1 / B1
F2 / S1 / B1
"
`;
