// Vitest Snapshot v1, https://vitest.dev/guide/snapshot.html

exports[`four 1`] = `"four"`;

exports[`one 1`] = `"one"`;

exports[`three 1`] = `"three"`;

exports[`two 1`] = `"two"`;
