// Vitest Snapshot v1, https://vitest.dev/guide/snapshot.html

exports[`snapshot is stored close to file 1`] = `"moved snapshot"`;
