{
  "<process-cwd>/fixtures/src/pre-bundle/first.ts": {
    "path": "<process-cwd>/fixtures/src/pre-bundle/first.ts",
    "statementMap": {
      "0": {
        "start": {
          "line": 2,
          "column": 2
        },
        "end": {
          "line": 2,
          "column": 17
        }
      },
      "1": {
        "start": {
          "line": 6,
          "column": 2
        },
        "end": {
          "line": 6,
          "column": 21
        }
      }
    },
    "fnMap": {
      "0": {
        "name": "covered$1",
        "decl": {
          "start": {
            "line": 1,
            "column": 16
          },
          "end": {
            "line": 1,
            "column": 23
          }
        },
        "loc": {
          "start": {
            "line": 1,
            "column": 26
          },
          "end": {
            "line": 3,
            "column": 1
          }
        }
      },
      "1": {
        "name": "uncovered$1",
        "decl": {
          "start": {
            "line": 5,
            "column": 16
          },
          "end": {
            "line": 5,
            "column": 25
          }
        },
        "loc": {
          "start": {
            "line": 5,
            "column": 28
          },
          "end": {
            "line": 7,
            "column": null
          }
        }
      }
    },
    "branchMap": {},
    "s": {
      "0": 1,
      "1": 0
    },
    "f": {
      "0": 1,
      "1": 0
    },
    "b": {}
  },
  "<process-cwd>/fixtures/src/pre-bundle/second.ts": {
    "path": "<process-cwd>/fixtures/src/pre-bundle/second.ts",
    "statementMap": {
      "0": {
        "start": {
          "line": 2,
          "column": 2
        },
        "end": {
          "line": 2,
          "column": 18
        }
      },
      "1": {
        "start": {
          "line": 6,
          "column": 2
        },
        "end": {
          "line": 6,
          "column": 21
        }
      }
    },
    "fnMap": {
      "0": {
        "name": "covered",
        "decl": {
          "start": {
            "line": 1,
            "column": 16
          },
          "end": {
            "line": 1,
            "column": 23
          }
        },
        "loc": {
          "start": {
            "line": 1,
            "column": 26
          },
          "end": {
            "line": 3,
            "column": 1
          }
        }
      },
      "1": {
        "name": "uncovered",
        "decl": {
          "start": {
            "line": 5,
            "column": 16
          },
          "end": {
            "line": 5,
            "column": 25
          }
        },
        "loc": {
          "start": {
            "line": 5,
            "column": 28
          },
          "end": {
            "line": 7,
            "column": null
          }
        }
      }
    },
    "branchMap": {},
    "s": {
      "0": 1,
      "1": 0
    },
    "f": {
      "0": 1,
      "1": 0
    },
    "b": {}
  }
}