{
  "<process-cwd>/fixtures/src/even.ts": {
    "path": "<process-cwd>/fixtures/src/even.ts",
    "all": false,
    "statementMap": {
      "0": {
        "start": {
          "line": 1,
          "column": 0
        },
        "end": {
          "line": 1,
          "column": 35
        }
      },
      "1": {
        "start": {
          "line": 2,
          "column": 0
        },
        "end": {
          "line": 2,
          "column": 20
        }
      },
      "2": {
        "start": {
          "line": 3,
          "column": 0
        },
        "end": {
          "line": 3,
          "column": 1
        }
      },
      "4": {
        "start": {
          "line": 5,
          "column": 0
        },
        "end": {
          "line": 5,
          "column": 34
        }
      },
      "5": {
        "start": {
          "line": 6,
          "column": 0
        },
        "end": {
          "line": 6,
          "column": 19
        }
      },
      "6": {
        "start": {
          "line": 7,
          "column": 0
        },
        "end": {
          "line": 7,
          "column": 1
        }
      }
    },
    "s": {
      "0": 1,
      "1": 1,
      "2": 1,
      "4": 1,
      "5": 0,
      "6": 0
    },
    "branchMap": {
      "0": {
        "type": "branch",
        "line": 1,
        "loc": {
          "start": {
            "line": 1,
            "column": 7
          },
          "end": {
            "line": 3,
            "column": 1
          }
        },
        "locations": [
          {
            "start": {
              "line": 1,
              "column": 7
            },
            "end": {
              "line": 3,
              "column": 1
            }
          }
        ]
      }
    },
    "b": {
      "0": [
        1
      ]
    },
    "fnMap": {
      "0": {
        "name": "isEven",
        "decl": {
          "start": {
            "line": 1,
            "column": 7
          },
          "end": {
            "line": 3,
            "column": 1
          }
        },
        "loc": {
          "start": {
            "line": 1,
            "column": 7
          },
          "end": {
            "line": 3,
            "column": 1
          }
        },
        "line": 1
      },
      "1": {
        "name": "isOdd",
        "decl": {
          "start": {
            "line": 5,
            "column": 7
          },
          "end": {
            "line": 7,
            "column": 1
          }
        },
        "loc": {
          "start": {
            "line": 5,
            "column": 7
          },
          "end": {
            "line": 7,
            "column": 1
          }
        },
        "line": 5
      }
    },
    "f": {
      "0": 1,
      "1": 0
    }
  },
  "<process-cwd>/fixtures/src/math.ts": {
    "path": "<process-cwd>/fixtures/src/math.ts",
    "all": false,
    "statementMap": {
      "0": {
        "start": {
          "line": 1,
          "column": 0
        },
        "end": {
          "line": 1,
          "column": 43
        }
      },
      "1": {
        "start": {
          "line": 2,
          "column": 0
        },
        "end": {
          "line": 2,
          "column": 14
        }
      },
      "2": {
        "start": {
          "line": 3,
          "column": 0
        },
        "end": {
          "line": 3,
          "column": 1
        }
      },
      "4": {
        "start": {
          "line": 5,
          "column": 0
        },
        "end": {
          "line": 5,
          "column": 48
        }
      },
      "5": {
        "start": {
          "line": 6,
          "column": 0
        },
        "end": {
          "line": 6,
          "column": 14
        }
      },
      "6": {
        "start": {
          "line": 7,
          "column": 0
        },
        "end": {
          "line": 7,
          "column": 1
        }
      },
      "8": {
        "start": {
          "line": 9,
          "column": 0
        },
        "end": {
          "line": 9,
          "column": 48
        }
      },
      "9": {
        "start": {
          "line": 10,
          "column": 0
        },
        "end": {
          "line": 10,
          "column": 14
        }
      },
      "10": {
        "start": {
          "line": 11,
          "column": 0
        },
        "end": {
          "line": 11,
          "column": 1
        }
      },
      "12": {
        "start": {
          "line": 13,
          "column": 0
        },
        "end": {
          "line": 13,
          "column": 48
        }
      },
      "13": {
        "start": {
          "line": 14,
          "column": 0
        },
        "end": {
          "line": 14,
          "column": 14
        }
      },
      "14": {
        "start": {
          "line": 15,
          "column": 0
        },
        "end": {
          "line": 15,
          "column": 1
        }
      }
    },
    "s": {
      "0": 1,
      "1": 1,
      "2": 1,
      "4": 1,
      "5": 0,
      "6": 0,
      "8": 1,
      "9": 0,
      "10": 0,
      "12": 1,
      "13": 0,
      "14": 0
    },
    "branchMap": {
      "0": {
        "type": "branch",
        "line": 1,
        "loc": {
          "start": {
            "line": 1,
            "column": 7
          },
          "end": {
            "line": 3,
            "column": 1
          }
        },
        "locations": [
          {
            "start": {
              "line": 1,
              "column": 7
            },
            "end": {
              "line": 3,
              "column": 1
            }
          }
        ]
      }
    },
    "b": {
      "0": [
        1
      ]
    },
    "fnMap": {
      "0": {
        "name": "sum",
        "decl": {
          "start": {
            "line": 1,
            "column": 7
          },
          "end": {
            "line": 3,
            "column": 1
          }
        },
        "loc": {
          "start": {
            "line": 1,
            "column": 7
          },
          "end": {
            "line": 3,
            "column": 1
          }
        },
        "line": 1
      },
      "1": {
        "name": "subtract",
        "decl": {
          "start": {
            "line": 5,
            "column": 7
          },
          "end": {
            "line": 7,
            "column": 1
          }
        },
        "loc": {
          "start": {
            "line": 5,
            "column": 7
          },
          "end": {
            "line": 7,
            "column": 1
          }
        },
        "line": 5
      },
      "2": {
        "name": "multiply",
        "decl": {
          "start": {
            "line": 9,
            "column": 7
          },
          "end": {
            "line": 11,
            "column": 1
          }
        },
        "loc": {
          "start": {
            "line": 9,
            "column": 7
          },
          "end": {
            "line": 11,
            "column": 1
          }
        },
        "line": 9
      },
      "3": {
        "name": "remainder",
        "decl": {
          "start": {
            "line": 13,
            "column": 7
          },
          "end": {
            "line": 15,
            "column": 1
          }
        },
        "loc": {
          "start": {
            "line": 13,
            "column": 7
          },
          "end": {
            "line": 15,
            "column": 1
          }
        },
        "line": 13
      }
    },
    "f": {
      "0": 1,
      "1": 0,
      "2": 0,
      "3": 0
    }
  },
  "<process-cwd>/fixtures/src/untested-file.ts": {
    "path": "<process-cwd>/fixtures/src/untested-file.ts",
    "all": true,
    "statementMap": {
      "7": {
        "start": {
          "line": 8,
          "column": 0
        },
        "end": {
          "line": 8,
          "column": 40
        }
      },
      "8": {
        "start": {
          "line": 9,
          "column": 0
        },
        "end": {
          "line": 9,
          "column": 72
        }
      },
      "9": {
        "start": {
          "line": 10,
          "column": 0
        },
        "end": {
          "line": 10,
          "column": 1
        }
      },
      "11": {
        "start": {
          "line": 12,
          "column": 0
        },
        "end": {
          "line": 12,
          "column": 36
        }
      },
      "13": {
        "start": {
          "line": 14,
          "column": 0
        },
        "end": {
          "line": 14,
          "column": 14
        }
      },
      "14": {
        "start": {
          "line": 15,
          "column": 0
        },
        "end": {
          "line": 15,
          "column": 1
        }
      },
      "18": {
        "start": {
          "line": 19,
          "column": 0
        },
        "end": {
          "line": 19,
          "column": 41
        }
      },
      "20": {
        "start": {
          "line": 21,
          "column": 0
        },
        "end": {
          "line": 21,
          "column": 14
        }
      },
      "21": {
        "start": {
          "line": 22,
          "column": 0
        },
        "end": {
          "line": 22,
          "column": 1
        }
      },
      "23": {
        "start": {
          "line": 24,
          "column": 0
        },
        "end": {
          "line": 24,
          "column": 65
        }
      },
      "32": {
        "start": {
          "line": 33,
          "column": 0
        },
        "end": {
          "line": 33,
          "column": 25
        }
      },
      "34": {
        "start": {
          "line": 35,
          "column": 0
        },
        "end": {
          "line": 35,
          "column": 25
        }
      },
      "35": {
        "start": {
          "line": 36,
          "column": 0
        },
        "end": {
          "line": 36,
          "column": 3
        }
      },
      "45": {
        "start": {
          "line": 46,
          "column": 0
        },
        "end": {
          "line": 46,
          "column": 41
        }
      },
      "46": {
        "start": {
          "line": 47,
          "column": 0
        },
        "end": {
          "line": 47,
          "column": 1
        }
      }
    },
    "s": {
      "7": 0,
      "8": 0,
      "9": 0,
      "11": 0,
      "13": 0,
      "14": 0,
      "18": 0,
      "20": 0,
      "21": 0,
      "23": 0,
      "32": 0,
      "34": 0,
      "35": 0,
      "45": 0,
      "46": 0
    },
    "branchMap": {
      "0": {
        "type": "branch",
        "line": 1,
        "loc": {
          "start": {
            "line": 1,
            "column": 984
          },
          "end": {
            "line": 47,
            "column": 1
          }
        },
        "locations": [
          {
            "start": {
              "line": 1,
              "column": 984
            },
            "end": {
              "line": 47,
              "column": 1
            }
          }
        ]
      }
    },
    "b": {
      "0": [
        1
      ]
    },
    "fnMap": {
      "0": {
        "name": "(empty-report)",
        "decl": {
          "start": {
            "line": 1,
            "column": 984
          },
          "end": {
            "line": 47,
            "column": 1
          }
        },
        "loc": {
          "start": {
            "line": 1,
            "column": 984
          },
          "end": {
            "line": 47,
            "column": 1
          }
        },
        "line": 1
      }
    },
    "f": {
      "0": 1
    }
  }
}